src/components/SecurityCheckIn.tsx(4,13): error TS6133: 'LogOut' is declared but its value is never read.
src/components/SecurityCheckIn.tsx(6,40): error TS6133: 'AlertCircle' is declared but its value is never read.
src/components/SecurityCheckIn.tsx(6,53): error TS6133: 'Phone' is declared but its value is never read.
src/components/SecurityCheckIn.tsx(6,60): error TS6133: 'Check' is declared but its value is never read.
src/components/SecurityCheckIn.tsx(57,12): error TS6133: 'showNewChildForm' is declared but its value is never read.
